Enter password: ***********
Welcome to the MySQL monitor.  Commands end with ; or \g.
Your MySQL connection id is 17
Server version: 8.0.19 MySQL Community Server - GPL

Copyright (c) 2000, 2020, Oracle and/or its affiliates. All rights reserved.

Oracle is a registered trademark of Oracle Corporation and/or its
affiliates. Other names may be trademarks of their respective
owners.

Type 'help;' or '\h' for help. Type '\c' to clear the current input statement.

mysql> create database ecurie;
Query OK, 1 row affected (0.03 sec)

mysql> use ecurie;
Database changed
mysql> create table participant(
    ->  nom_pa varchar(15),
    ->  prenom_pa varchar(15),
    -> adresse_pa varchar(25),
    -> telephone_pa varchar(15),
    ->  fonction varchar(15)
    -> );
Query OK, 0 rows affected (0.15 sec)

mysql> create table cheval(
    -> id_cheval int primary key,
    -> nom_che varchar(15),
    -> couleur varchar(10)
    -> );
Query OK, 0 rows affected (0.08 sec)

mysql> create table race(
    -> id_race int primary key,
    -> poids_type float,
    -> taille_type float
    -> );
Query OK, 0 rows affected (0.10 sec)

mysql> create table fiche_pedigree(
    ->  numero_tatouage int primary key
    -> );
Query OK, 0 rows affected (0.07 sec)

mysql> create table concour(
    ->     id_concour int primary key,
    ->     nom_concour varchar(15),
    ->     lieu varchar(25),
    ->     nombre_participants int
    -> );
Query OK, 0 rows affected (0.07 sec)

mysql> create table superieur(
    ->     id_superieur int primary key,
    ->     fonction_sup varchar(15)
    -> );
Query OK, 0 rows affected (0.08 sec)

mysql> alter table participant
    -> add column id_superieur int;
Query OK, 0 rows affected (0.10 sec)
Records: 0  Duplicates: 0  Warnings: 0

mysql> alter table participant
    -> add foreign key (id_superieur) references superieur(id_superieur);
Query OK, 0 rows affected (0.20 sec)
Records: 0  Duplicates: 0  Warnings: 0

mysql> create table participant_concour(
    ->     id_participant int,
    ->     id_concours int
    -> );
Query OK, 0 rows affected (0.08 sec)

mysql> alter table participant_concour
    -> add foreign key (id_participant) references participant(id_participant),
    -> add foreign key (id_concour) references concour(id_concour);
ERROR 1072 (42000): Key column 'id_concour' doesn't exist in table
mysql> alter table participant_concour
    -> add foreign key (id_participant) references participant(id_participant),
    -> add foreign key (id_concours) references concour(id_concours);
ERROR 3734 (HY000): Failed to add the foreign key constraint. Missing column 'id_participant' for constraint 'participant_concour_ibfk_1' in the referenced table 'participant'
mysql> alter table cheval
    -> add column id_race int,
    -> add column numero_tatouage int,
    -> add foreign key (id_race) references race(id_race),
    -> add foreign key (numero_tatouage) references fiche_pedigree(numero_tatouage);
Query OK, 0 rows affected (0.20 sec)
Records: 0  Duplicates: 0  Warnings: 0

mysql>